﻿  Determinando los proyectos que se van a restaurar...
  Todos los proyectos est├ín actualizados para la restauraci├│n.
  LuxuryCo.Database -> c:\Users\karla\Documents\LUXURY_CO\LuxuryCo.Database\bin\Debug\net9.0\LuxuryCo.Database.dll
C:\Program Files\dotnet\sdk\9.0.311\Microsoft.Common.CurrentVersion.targets(5093,5): warning MSB3026: No se pudo copiar "c:\Users\karla\Documents\LUXURY_CO\LuxuryCo.Database\bin\Debug\net9.0\LuxuryCo.Database.dll" en "bin\Debug\net9.0\LuxuryCo.Database.dll". Se iniciar├í el reintento 1 dentro de 1000ms. The process cannot access the file 'c:\Users\karla\Documents\LUXURY_CO\LuxuryCo.Back\bin\Debug\net9.0\LuxuryCo.Database.dll' because it is being used by another process. El archivo se ha bloqueado por: "Microsoft Visual Studio 2022 (13360), LuxuryCo.Back (25852)" [c:\Users\karla\Documents\LUXURY_CO\LuxuryCo.Back\LuxuryCo.Back.csproj]
C:\Program Files\dotnet\sdk\9.0.311\Microsoft.Common.CurrentVersion.targets(5093,5): warning MSB3026: No se pudo copiar "c:\Users\karla\Documents\LUXURY_CO\LuxuryCo.Database\bin\Debug\net9.0\LuxuryCo.Database.dll" en "bin\Debug\net9.0\LuxuryCo.Database.dll". Se iniciar├í el reintento 2 dentro de 1000ms. The process cannot access the file 'c:\Users\karla\Documents\LUXURY_CO\LuxuryCo.Back\bin\Debug\net9.0\LuxuryCo.Database.dll' because it is being used by another process. El archivo se ha bloqueado por: "Microsoft Visual Studio 2022 (13360), LuxuryCo.Back (25852)" [c:\Users\karla\Documents\LUXURY_CO\LuxuryCo.Back\LuxuryCo.Back.csproj]
C:\Program Files\dotnet\sdk\9.0.311\Microsoft.Common.CurrentVersion.targets(5093,5): warning MSB3026: No se pudo copiar "c:\Users\karla\Documents\LUXURY_CO\LuxuryCo.Database\bin\Debug\net9.0\LuxuryCo.Database.dll" en "bin\Debug\net9.0\LuxuryCo.Database.dll". Se iniciar├í el reintento 3 dentro de 1000ms. The process cannot access the file 'c:\Users\karla\Documents\LUXURY_CO\LuxuryCo.Back\bin\Debug\net9.0\LuxuryCo.Database.dll' because it is being used by another process. El archivo se ha bloqueado por: "Microsoft Visual Studio 2022 (13360), LuxuryCo.Back (25852)" [c:\Users\karla\Documents\LUXURY_CO\LuxuryCo.Back\LuxuryCo.Back.csproj]
C:\Program Files\dotnet\sdk\9.0.311\Microsoft.Common.CurrentVersion.targets(5093,5): warning MSB3026: No se pudo copiar "c:\Users\karla\Documents\LUXURY_CO\LuxuryCo.Database\bin\Debug\net9.0\LuxuryCo.Database.dll" en "bin\Debug\net9.0\LuxuryCo.Database.dll". Se iniciar├í el reintento 4 dentro de 1000ms. The process cannot access the file 'c:\Users\karla\Documents\LUXURY_CO\LuxuryCo.Back\bin\Debug\net9.0\LuxuryCo.Database.dll' because it is being used by another process. El archivo se ha bloqueado por: "Microsoft Visual Studio 2022 (13360), LuxuryCo.Back (25852)" [c:\Users\karla\Documents\LUXURY_CO\LuxuryCo.Back\LuxuryCo.Back.csproj]
C:\Program Files\dotnet\sdk\9.0.311\Microsoft.Common.CurrentVersion.targets(5093,5): warning MSB3026: No se pudo copiar "c:\Users\karla\Documents\LUXURY_CO\LuxuryCo.Database\bin\Debug\net9.0\LuxuryCo.Database.dll" en "bin\Debug\net9.0\LuxuryCo.Database.dll". Se iniciar├í el reintento 5 dentro de 1000ms. The process cannot access the file 'c:\Users\karla\Documents\LUXURY_CO\LuxuryCo.Back\bin\Debug\net9.0\LuxuryCo.Database.dll' because it is being used by another process. El archivo se ha bloqueado por: "Microsoft Visual Studio 2022 (13360), LuxuryCo.Back (25852)" [c:\Users\karla\Documents\LUXURY_CO\LuxuryCo.Back\LuxuryCo.Back.csproj]
C:\Program Files\dotnet\sdk\9.0.311\Microsoft.Common.CurrentVersion.targets(5093,5): warning MSB3026: No se pudo copiar "c:\Users\karla\Documents\LUXURY_CO\LuxuryCo.Database\bin\Debug\net9.0\LuxuryCo.Database.dll" en "bin\Debug\net9.0\LuxuryCo.Database.dll". Se iniciar├í el reintento 6 dentro de 1000ms. The process cannot access the file 'c:\Users\karla\Documents\LUXURY_CO\LuxuryCo.Back\bin\Debug\net9.0\LuxuryCo.Database.dll' because it is being used by another process. El archivo se ha bloqueado por: "Microsoft Visual Studio 2022 (13360), LuxuryCo.Back (25852)" [c:\Users\karla\Documents\LUXURY_CO\LuxuryCo.Back\LuxuryCo.Back.csproj]
C:\Program Files\dotnet\sdk\9.0.311\Microsoft.Common.CurrentVersion.targets(5093,5): warning MSB3026: No se pudo copiar "c:\Users\karla\Documents\LUXURY_CO\LuxuryCo.Database\bin\Debug\net9.0\LuxuryCo.Database.dll" en "bin\Debug\net9.0\LuxuryCo.Database.dll". Se iniciar├í el reintento 7 dentro de 1000ms. The process cannot access the file 'c:\Users\karla\Documents\LUXURY_CO\LuxuryCo.Back\bin\Debug\net9.0\LuxuryCo.Database.dll' because it is being used by another process. El archivo se ha bloqueado por: "Microsoft Visual Studio 2022 (13360), LuxuryCo.Back (25852)" [c:\Users\karla\Documents\LUXURY_CO\LuxuryCo.Back\LuxuryCo.Back.csproj]
C:\Program Files\dotnet\sdk\9.0.311\Microsoft.Common.CurrentVersion.targets(5093,5): warning MSB3026: No se pudo copiar "c:\Users\karla\Documents\LUXURY_CO\LuxuryCo.Database\bin\Debug\net9.0\LuxuryCo.Database.dll" en "bin\Debug\net9.0\LuxuryCo.Database.dll". Se iniciar├í el reintento 8 dentro de 1000ms. The process cannot access the file 'c:\Users\karla\Documents\LUXURY_CO\LuxuryCo.Back\bin\Debug\net9.0\LuxuryCo.Database.dll' because it is being used by another process. El archivo se ha bloqueado por: "Microsoft Visual Studio 2022 (13360), LuxuryCo.Back (25852)" [c:\Users\karla\Documents\LUXURY_CO\LuxuryCo.Back\LuxuryCo.Back.csproj]
C:\Program Files\dotnet\sdk\9.0.311\Microsoft.Common.CurrentVersion.targets(5093,5): warning MSB3026: No se pudo copiar "c:\Users\karla\Documents\LUXURY_CO\LuxuryCo.Database\bin\Debug\net9.0\LuxuryCo.Database.dll" en "bin\Debug\net9.0\LuxuryCo.Database.dll". Se iniciar├í el reintento 9 dentro de 1000ms. The process cannot access the file 'c:\Users\karla\Documents\LUXURY_CO\LuxuryCo.Back\bin\Debug\net9.0\LuxuryCo.Database.dll' because it is being used by another process. El archivo se ha bloqueado por: "Microsoft Visual Studio 2022 (13360), LuxuryCo.Back (25852)" [c:\Users\karla\Documents\LUXURY_CO\LuxuryCo.Back\LuxuryCo.Back.csproj]
C:\Program Files\dotnet\sdk\9.0.311\Microsoft.Common.CurrentVersion.targets(5093,5): warning MSB3026: No se pudo copiar "c:\Users\karla\Documents\LUXURY_CO\LuxuryCo.Database\bin\Debug\net9.0\LuxuryCo.Database.dll" en "bin\Debug\net9.0\LuxuryCo.Database.dll". Se iniciar├í el reintento 10 dentro de 1000ms. The process cannot access the file 'c:\Users\karla\Documents\LUXURY_CO\LuxuryCo.Back\bin\Debug\net9.0\LuxuryCo.Database.dll' because it is being used by another process. El archivo se ha bloqueado por: "Microsoft Visual Studio 2022 (13360), LuxuryCo.Back (25852)" [c:\Users\karla\Documents\LUXURY_CO\LuxuryCo.Back\LuxuryCo.Back.csproj]
C:\Program Files\dotnet\sdk\9.0.311\Microsoft.Common.CurrentVersion.targets(5093,5): error MSB3027: No se pudo copiar "c:\Users\karla\Documents\LUXURY_CO\LuxuryCo.Database\bin\Debug\net9.0\LuxuryCo.Database.dll" en "bin\Debug\net9.0\LuxuryCo.Database.dll". Se super├│ el n├║mero de 10 reintentos. Error. El archivo se ha bloqueado por: "Microsoft Visual Studio 2022 (13360), LuxuryCo.Back (25852)" [c:\Users\karla\Documents\LUXURY_CO\LuxuryCo.Back\LuxuryCo.Back.csproj]
C:\Program Files\dotnet\sdk\9.0.311\Microsoft.Common.CurrentVersion.targets(5093,5): error MSB3021: No se puede copiar "c:\Users\karla\Documents\LUXURY_CO\LuxuryCo.Database\bin\Debug\net9.0\LuxuryCo.Database.dll" en "bin\Debug\net9.0\LuxuryCo.Database.dll". The process cannot access the file 'c:\Users\karla\Documents\LUXURY_CO\LuxuryCo.Back\bin\Debug\net9.0\LuxuryCo.Database.dll' because it is being used by another process. [c:\Users\karla\Documents\LUXURY_CO\LuxuryCo.Back\LuxuryCo.Back.csproj]

ERROR al compilar.

C:\Program Files\dotnet\sdk\9.0.311\Microsoft.Common.CurrentVersion.targets(5093,5): warning MSB3026: No se pudo copiar "c:\Users\karla\Documents\LUXURY_CO\LuxuryCo.Database\bin\Debug\net9.0\LuxuryCo.Database.dll" en "bin\Debug\net9.0\LuxuryCo.Database.dll". Se iniciar├í el reintento 1 dentro de 1000ms. The process cannot access the file 'c:\Users\karla\Documents\LUXURY_CO\LuxuryCo.Back\bin\Debug\net9.0\LuxuryCo.Database.dll' because it is being used by another process. El archivo se ha bloqueado por: "Microsoft Visual Studio 2022 (13360), LuxuryCo.Back (25852)" [c:\Users\karla\Documents\LUXURY_CO\LuxuryCo.Back\LuxuryCo.Back.csproj]
C:\Program Files\dotnet\sdk\9.0.311\Microsoft.Common.CurrentVersion.targets(5093,5): warning MSB3026: No se pudo copiar "c:\Users\karla\Documents\LUXURY_CO\LuxuryCo.Database\bin\Debug\net9.0\LuxuryCo.Database.dll" en "bin\Debug\net9.0\LuxuryCo.Database.dll". Se iniciar├í el reintento 2 dentro de 1000ms. The process cannot access the file 'c:\Users\karla\Documents\LUXURY_CO\LuxuryCo.Back\bin\Debug\net9.0\LuxuryCo.Database.dll' because it is being used by another process. El archivo se ha bloqueado por: "Microsoft Visual Studio 2022 (13360), LuxuryCo.Back (25852)" [c:\Users\karla\Documents\LUXURY_CO\LuxuryCo.Back\LuxuryCo.Back.csproj]
C:\Program Files\dotnet\sdk\9.0.311\Microsoft.Common.CurrentVersion.targets(5093,5): warning MSB3026: No se pudo copiar "c:\Users\karla\Documents\LUXURY_CO\LuxuryCo.Database\bin\Debug\net9.0\LuxuryCo.Database.dll" en "bin\Debug\net9.0\LuxuryCo.Database.dll". Se iniciar├í el reintento 3 dentro de 1000ms. The process cannot access the file 'c:\Users\karla\Documents\LUXURY_CO\LuxuryCo.Back\bin\Debug\net9.0\LuxuryCo.Database.dll' because it is being used by another process. El archivo se ha bloqueado por: "Microsoft Visual Studio 2022 (13360), LuxuryCo.Back (25852)" [c:\Users\karla\Documents\LUXURY_CO\LuxuryCo.Back\LuxuryCo.Back.csproj]
C:\Program Files\dotnet\sdk\9.0.311\Microsoft.Common.CurrentVersion.targets(5093,5): warning MSB3026: No se pudo copiar "c:\Users\karla\Documents\LUXURY_CO\LuxuryCo.Database\bin\Debug\net9.0\LuxuryCo.Database.dll" en "bin\Debug\net9.0\LuxuryCo.Database.dll". Se iniciar├í el reintento 4 dentro de 1000ms. The process cannot access the file 'c:\Users\karla\Documents\LUXURY_CO\LuxuryCo.Back\bin\Debug\net9.0\LuxuryCo.Database.dll' because it is being used by another process. El archivo se ha bloqueado por: "Microsoft Visual Studio 2022 (13360), LuxuryCo.Back (25852)" [c:\Users\karla\Documents\LUXURY_CO\LuxuryCo.Back\LuxuryCo.Back.csproj]
C:\Program Files\dotnet\sdk\9.0.311\Microsoft.Common.CurrentVersion.targets(5093,5): warning MSB3026: No se pudo copiar "c:\Users\karla\Documents\LUXURY_CO\LuxuryCo.Database\bin\Debug\net9.0\LuxuryCo.Database.dll" en "bin\Debug\net9.0\LuxuryCo.Database.dll". Se iniciar├í el reintento 5 dentro de 1000ms. The process cannot access the file 'c:\Users\karla\Documents\LUXURY_CO\LuxuryCo.Back\bin\Debug\net9.0\LuxuryCo.Database.dll' because it is being used by another process. El archivo se ha bloqueado por: "Microsoft Visual Studio 2022 (13360), LuxuryCo.Back (25852)" [c:\Users\karla\Documents\LUXURY_CO\LuxuryCo.Back\LuxuryCo.Back.csproj]
C:\Program Files\dotnet\sdk\9.0.311\Microsoft.Common.CurrentVersion.targets(5093,5): warning MSB3026: No se pudo copiar "c:\Users\karla\Documents\LUXURY_CO\LuxuryCo.Database\bin\Debug\net9.0\LuxuryCo.Database.dll" en "bin\Debug\net9.0\LuxuryCo.Database.dll". Se iniciar├í el reintento 6 dentro de 1000ms. The process cannot access the file 'c:\Users\karla\Documents\LUXURY_CO\LuxuryCo.Back\bin\Debug\net9.0\LuxuryCo.Database.dll' because it is being used by another process. El archivo se ha bloqueado por: "Microsoft Visual Studio 2022 (13360), LuxuryCo.Back (25852)" [c:\Users\karla\Documents\LUXURY_CO\LuxuryCo.Back\LuxuryCo.Back.csproj]
C:\Program Files\dotnet\sdk\9.0.311\Microsoft.Common.CurrentVersion.targets(5093,5): warning MSB3026: No se pudo copiar "c:\Users\karla\Documents\LUXURY_CO\LuxuryCo.Database\bin\Debug\net9.0\LuxuryCo.Database.dll" en "bin\Debug\net9.0\LuxuryCo.Database.dll". Se iniciar├í el reintento 7 dentro de 1000ms. The process cannot access the file 'c:\Users\karla\Documents\LUXURY_CO\LuxuryCo.Back\bin\Debug\net9.0\LuxuryCo.Database.dll' because it is being used by another process. El archivo se ha bloqueado por: "Microsoft Visual Studio 2022 (13360), LuxuryCo.Back (25852)" [c:\Users\karla\Documents\LUXURY_CO\LuxuryCo.Back\LuxuryCo.Back.csproj]
C:\Program Files\dotnet\sdk\9.0.311\Microsoft.Common.CurrentVersion.targets(5093,5): warning MSB3026: No se pudo copiar "c:\Users\karla\Documents\LUXURY_CO\LuxuryCo.Database\bin\Debug\net9.0\LuxuryCo.Database.dll" en "bin\Debug\net9.0\LuxuryCo.Database.dll". Se iniciar├í el reintento 8 dentro de 1000ms. The process cannot access the file 'c:\Users\karla\Documents\LUXURY_CO\LuxuryCo.Back\bin\Debug\net9.0\LuxuryCo.Database.dll' because it is being used by another process. El archivo se ha bloqueado por: "Microsoft Visual Studio 2022 (13360), LuxuryCo.Back (25852)" [c:\Users\karla\Documents\LUXURY_CO\LuxuryCo.Back\LuxuryCo.Back.csproj]
C:\Program Files\dotnet\sdk\9.0.311\Microsoft.Common.CurrentVersion.targets(5093,5): warning MSB3026: No se pudo copiar "c:\Users\karla\Documents\LUXURY_CO\LuxuryCo.Database\bin\Debug\net9.0\LuxuryCo.Database.dll" en "bin\Debug\net9.0\LuxuryCo.Database.dll". Se iniciar├í el reintento 9 dentro de 1000ms. The process cannot access the file 'c:\Users\karla\Documents\LUXURY_CO\LuxuryCo.Back\bin\Debug\net9.0\LuxuryCo.Database.dll' because it is being used by another process. El archivo se ha bloqueado por: "Microsoft Visual Studio 2022 (13360), LuxuryCo.Back (25852)" [c:\Users\karla\Documents\LUXURY_CO\LuxuryCo.Back\LuxuryCo.Back.csproj]
C:\Program Files\dotnet\sdk\9.0.311\Microsoft.Common.CurrentVersion.targets(5093,5): warning MSB3026: No se pudo copiar "c:\Users\karla\Documents\LUXURY_CO\LuxuryCo.Database\bin\Debug\net9.0\LuxuryCo.Database.dll" en "bin\Debug\net9.0\LuxuryCo.Database.dll". Se iniciar├í el reintento 10 dentro de 1000ms. The process cannot access the file 'c:\Users\karla\Documents\LUXURY_CO\LuxuryCo.Back\bin\Debug\net9.0\LuxuryCo.Database.dll' because it is being used by another process. El archivo se ha bloqueado por: "Microsoft Visual Studio 2022 (13360), LuxuryCo.Back (25852)" [c:\Users\karla\Documents\LUXURY_CO\LuxuryCo.Back\LuxuryCo.Back.csproj]
C:\Program Files\dotnet\sdk\9.0.311\Microsoft.Common.CurrentVersion.targets(5093,5): error MSB3027: No se pudo copiar "c:\Users\karla\Documents\LUXURY_CO\LuxuryCo.Database\bin\Debug\net9.0\LuxuryCo.Database.dll" en "bin\Debug\net9.0\LuxuryCo.Database.dll". Se super├│ el n├║mero de 10 reintentos. Error. El archivo se ha bloqueado por: "Microsoft Visual Studio 2022 (13360), LuxuryCo.Back (25852)" [c:\Users\karla\Documents\LUXURY_CO\LuxuryCo.Back\LuxuryCo.Back.csproj]
C:\Program Files\dotnet\sdk\9.0.311\Microsoft.Common.CurrentVersion.targets(5093,5): error MSB3021: No se puede copiar "c:\Users\karla\Documents\LUXURY_CO\LuxuryCo.Database\bin\Debug\net9.0\LuxuryCo.Database.dll" en "bin\Debug\net9.0\LuxuryCo.Database.dll". The process cannot access the file 'c:\Users\karla\Documents\LUXURY_CO\LuxuryCo.Back\bin\Debug\net9.0\LuxuryCo.Database.dll' because it is being used by another process. [c:\Users\karla\Documents\LUXURY_CO\LuxuryCo.Back\LuxuryCo.Back.csproj]
    10 Advertencia(s)
    2 Errores

Tiempo transcurrido 00:00:13.45

Hay actualizaciones de carga de trabajo disponibles. Ejecute "dotnet workload list" para obtener m├ís informaci├│n.
